Resolving dependencies...
Downloading packages...
  _fe_analyzer_shared 91.0.0 (105.0.0 available)
  analyzer 8.4.1 (14.1.0 available)
  app_links 7.0.0 (7.2.1 available)
  app_links_platform_interface 2.0.2 (2.0.4 available)
  characters 1.4.0 (1.4.1 available)
  get_it 8.3.0 (9.2.1 available)
  go_router 16.3.0 (17.5.0 available)
  matcher 0.12.17 (0.12.20 available)
  material_color_utilities 0.11.1 (0.13.1 available)
  meta 1.17.0 (1.19.0 available)
  package_config 2.2.0 (3.0.0 available)
  shared_preferences_android 2.4.23 (2.4.27 available)
  test 1.26.3 (1.31.2 available)
  test_api 0.7.7 (0.7.13 available)
  test_core 0.6.12 (0.6.19 available)
  url_launcher_android 6.3.30 (6.3.32 available)
  vector_math 2.2.0 (2.4.2 available)
  zard 0.0.26 (1.4.0 available)
Got dependencies!
18 packages have newer versions incompatible with dependency constraints.
Try `flutter pub outdated` for more information.
Running Gradle task 'assembleProdDebug'...                         25,9s
✓ Built build/app/outputs/flutter-apk/app-prod-debug.apk
Installing build/app/outputs/flutter-apk/app-prod-debug.apk...      2.614ms
I/Choreographer( 4416): Skipped 104 frames!  The application may be doing too much work on its main thread.
D/ProfileInstaller( 4416): Installing profile for br.com.ganza.ganza
VMServiceFlutterDriver: Connecting to Flutter application at http://127.0.0.1:39587/Z4RIlwu4HSY=/
VMServiceFlutterDriver: Isolate found with number: 8369909626688651
VMServiceFlutterDriver: Isolate 8369909626688651 is runnable.
VMServiceFlutterDriver: Isolate is paused at start.
VMServiceFlutterDriver: Attempting to resume isolate
I/flutter ( 4416): 00:00 +0: cena lista
VMServiceFlutterDriver: Connected to Flutter application.
I/Choreographer( 4416): Skipped 44 frames!  The application may be doing too much work on its main thread.
I/flutter ( 4416): supabase.supabase_flutter: INFO: ***** Supabase init completed ***** 
I/Choreographer( 4416): Skipped 71 frames!  The application may be doing too much work on its main thread.
I/HWUI    ( 4416): Davey! duration=1549ms; Flags=1, FrameTimelineVsyncId=27438, IntendedVsync=468557099175, Vsync=469740432461, InputEventId=0, HandleInputStart=469749133055, AnimationStart=469749135406, PerformTraversalsStart=469749136831, DrawStart=469754374919, FrameDeadline=468573765841, FrameInterval=469748199471, FrameStartTime=16666666, SyncQueued=469758285106, SyncStart=469759041334, IssueDrawCommandsStart=469760519056, SwapBuffers=469783904072, FrameCompleted=470107693585, DequeueBufferDuration=3915171, QueueBufferDuration=1081553, GpuCompleted=470103599769, SwapBuffersCompleted=470107693585, DisplayPresentTime=72904454231359566, CommandSubmissionCompleted=469783904072, 
VMServiceFlutterDriver: request_data message is taking a long time to complete...
W/WindowOnBackDispatcher( 4416): OnBackInvokedCallback is not enabled for the application.
W/WindowOnBackDispatcher( 4416): Set 'android:enableOnBackInvokedCallback="true"' in the application manifest.
D/EGL_emulation( 4416): app_time_stats: avg=1824.60ms min=443.77ms max=3684.69ms count=3
D/EGL_emulation( 4416): app_time_stats: avg=557.65ms min=48.65ms max=1100.63ms count=3
I/flutter ( 4416): 00:09 +1: (tearDownAll)
I/flutter ( 4416): 00:09 +2: All tests passed!
D/EGL_emulation( 4416): app_time_stats: avg=2743.96ms min=439.15ms max=6771.60ms count=3
print salvo: /home/euclidesgc/development/ganza/docs/01-cadastro-manual/evidencias/rodada_01/03_lista_carregada.png (94001 bytes)
All tests passed.
