Resolving dependencies...
Downloading packages...
  _fe_analyzer_shared 91.0.0 (105.0.0 available)
  analyzer 8.4.1 (14.1.0 available)
  app_links 7.0.0 (7.2.1 available)
  app_links_platform_interface 2.0.2 (2.0.4 available)
< characters 1.4.0 (was 1.4.1) (1.4.1 available)
  get_it 8.3.0 (9.2.1 available)
  go_router 16.3.0 (17.5.0 available)
+ js 0.7.2
< matcher 0.12.17 (was 0.12.19) (0.12.20 available)
< material_color_utilities 0.11.1 (was 0.13.0) (0.13.1 available)
< meta 1.17.0 (was 1.18.0) (1.19.0 available)
  package_config 2.2.0 (3.0.0 available)
  shared_preferences_android 2.4.23 (2.4.27 available)
< test 1.26.3 (was 1.31.0) (1.31.2 available)
< test_api 0.7.7 (was 0.7.11) (0.7.13 available)
< test_core 0.6.12 (was 0.6.17) (0.6.19 available)
  url_launcher_android 6.3.30 (6.3.32 available)
  vector_math 2.2.0 (2.4.2 available)
  zard 0.0.26 (1.4.0 available)
Changed 8 dependencies!
18 packages have newer versions incompatible with dependency constraints.
Try `flutter pub outdated` for more information.
Running Gradle task 'assembleProdDebug'...                         20,5s
✓ Built build/app/outputs/flutter-apk/app-prod-debug.apk
Installing build/app/outputs/flutter-apk/app-prod-debug.apk...         3,1s
I/Choreographer( 4250): Skipped 117 frames!  The application may be doing too much work on its main thread.
D/ProfileInstaller( 4250): Installing profile for br.com.ganza.ganza
VMServiceFlutterDriver: Connecting to Flutter application at http://127.0.0.1:45231/wIOoAZ_cyd4=/
VMServiceFlutterDriver: Isolate found with number: 5707594906208035
VMServiceFlutterDriver: Isolate 5707594906208035 is runnable.
VMServiceFlutterDriver: Isolate is paused at start.
VMServiceFlutterDriver: Attempting to resume isolate
I/flutter ( 4250): 00:00 +0: cena lista
VMServiceFlutterDriver: Connected to Flutter application.
I/Choreographer( 4250): Skipped 44 frames!  The application may be doing too much work on its main thread.
I/flutter ( 4250): supabase.supabase_flutter: INFO: ***** Supabase init completed ***** 
I/Choreographer( 4250): Skipped 101 frames!  The application may be doing too much work on its main thread.
I/HWUI    ( 4250): Davey! duration=2103ms; Flags=1, FrameTimelineVsyncId=27616, IntendedVsync=315045882819, Vsync=316729216085, InputEventId=0, HandleInputStart=316741045672, AnimationStart=316741048704, PerformTraversalsStart=316741050201, DrawStart=316748297886, FrameDeadline=315062549485, FrameInterval=316739930672, FrameStartTime=16666666, SyncQueued=316752889673, SyncStart=316753735750, IssueDrawCommandsStart=316755515896, SwapBuffers=316790126297, FrameCompleted=317150263912, DequeueBufferDuration=2025164, QueueBufferDuration=1880844, GpuCompleted=317150263912, SwapBuffersCompleted=317136928170, DisplayPresentTime=72904454231359566, CommandSubmissionCompleted=316790126297, 
VMServiceFlutterDriver: request_data message is taking a long time to complete...
W/WindowOnBackDispatcher( 4250): OnBackInvokedCallback is not enabled for the application.
W/WindowOnBackDispatcher( 4250): Set 'android:enableOnBackInvokedCallback="true"' in the application manifest.
D/EGL_emulation( 4250): app_time_stats: avg=1998.26ms min=465.81ms max=4156.70ms count=3
D/EGL_emulation( 4250): app_time_stats: avg=1229.72ms min=1229.72ms max=1229.72ms count=1
I/com.ganza.ganza( 4250): NativeAlloc concurrent mark compact GC freed 2131KB AllocSpace bytes, 5(164KB) LOS objects, 49% free, 2616KB/5233KB, paused 276us,5.025ms total 48.301ms
I/flutter ( 4250): 00:11 +1: (tearDownAll)
I/flutter ( 4250): 00:11 +2: All tests passed!
D/EGL_emulation( 4250): app_time_stats: avg=2975.00ms min=386.12ms max=7454.19ms count=3
print salvo: /home/euclidesgc/development/ganza/docs/01-cadastro-manual/evidencias/rodada_01/03_lista_carregada.png (91681 bytes)
All tests passed.
