Resolving dependencies...
Downloading packages...
  _fe_analyzer_shared 91.0.0 (105.0.0 available)
  analyzer 8.4.1 (14.1.0 available)
  app_links 7.0.0 (7.2.1 available)
  app_links_platform_interface 2.0.2 (2.0.4 available)
  characters 1.4.0 (1.4.1 available)
  get_it 8.3.0 (9.2.1 available)
  go_router 16.3.0 (17.5.0 available)
  matcher 0.12.17 (0.12.20 available)
  material_color_utilities 0.11.1 (0.13.1 available)
  meta 1.17.0 (1.19.0 available)
  package_config 2.2.0 (3.0.0 available)
  shared_preferences_android 2.4.23 (2.4.27 available)
  test 1.26.3 (1.31.2 available)
  test_api 0.7.7 (0.7.13 available)
  test_core 0.6.12 (0.6.19 available)
  url_launcher_android 6.3.30 (6.3.32 available)
  vector_math 2.2.0 (2.4.2 available)
  zard 0.0.26 (1.4.0 available)
Got dependencies!
18 packages have newer versions incompatible with dependency constraints.
Try `flutter pub outdated` for more information.
Running Gradle task 'assembleProdDebug'...                         47,2s
✓ Built build/app/outputs/flutter-apk/app-prod-debug.apk
Installing build/app/outputs/flutter-apk/app-prod-debug.apk...         3,1s
I/com.ganza.ganza( 4123): Compiler allocated 5174KB to compile void android.view.ViewRootImpl.performTraversals()
I/Choreographer( 4123): Skipped 117 frames!  The application may be doing too much work on its main thread.
I/com.ganza.ganza( 4123): Compiler allocated 5417KB to compile void android.view.ViewRootImpl.performTraversals()
D/ProfileInstaller( 4123): Installing profile for br.com.ganza.ganza
VMServiceFlutterDriver: Connecting to Flutter application at http://127.0.0.1:41977/SMFJhxywAxE=/
VMServiceFlutterDriver: Isolate found with number: 4592439912472503
VMServiceFlutterDriver: Isolate 4592439912472503 is runnable.
VMServiceFlutterDriver: Isolate is paused at start.
VMServiceFlutterDriver: Attempting to resume isolate
I/flutter ( 4123): 00:00 +0: cena vazio
VMServiceFlutterDriver: Connected to Flutter application.
I/Choreographer( 4123): Skipped 35 frames!  The application may be doing too much work on its main thread.
I/flutter ( 4123): supabase.supabase_flutter: INFO: ***** Supabase init completed ***** 
I/Choreographer( 4123): Skipped 77 frames!  The application may be doing too much work on its main thread.
I/HWUI    ( 4123): Davey! duration=1699ms; Flags=1, FrameTimelineVsyncId=22743, IntendedVsync=403657101771, Vsync=404940435053, InputEventId=0, HandleInputStart=404945397289, AnimationStart=404945400414, PerformTraversalsStart=404945402349, DrawStart=404949788838, FrameDeadline=403673768437, FrameInterval=404944503153, FrameStartTime=16666666, SyncQueued=404952429120, SyncStart=404953337705, IssueDrawCommandsStart=404954718545, SwapBuffers=404986139665, FrameCompleted=405357606171, DequeueBufferDuration=4210334, QueueBufferDuration=1537662, GpuCompleted=405357606171, SwapBuffersCompleted=405345323453, DisplayPresentTime=72904454231359566, CommandSubmissionCompleted=404986139665, 
VMServiceFlutterDriver: request_data message is taking a long time to complete...
W/WindowOnBackDispatcher( 4123): OnBackInvokedCallback is not enabled for the application.
W/WindowOnBackDispatcher( 4123): Set 'android:enableOnBackInvokedCallback="true"' in the application manifest.
D/EGL_emulation( 4123): app_time_stats: avg=1598.70ms min=419.43ms max=3257.06ms count=3
D/EGL_emulation( 4123): app_time_stats: avg=511.87ms min=27.13ms max=996.60ms count=2
I/com.ganza.ganza( 4123): NativeAlloc concurrent mark compact GC freed 2267KB AllocSpace bytes, 5(164KB) LOS objects, 49% free, 2676KB/5353KB, paused 272us,4.558ms total 101.030ms
I/flutter ( 4123): 00:08 +1: (tearDownAll)
I/flutter ( 4123): 00:08 +2: All tests passed!
D/EGL_emulation( 4123): app_time_stats: avg=2389.33ms min=434.70ms max=5929.86ms count=3
print salvo: /home/euclidesgc/development/ganza/docs/01-cadastro-manual/evidencias/rodada_01/02_estado_vazio.png (47376 bytes)
All tests passed.
